FAIL node_modules/test262/test/built-ins/RegExp/prototype/Symbol.match/flags-tostring-error.js (default, strict mode)
  Expected a CustomError but got a Test262Error

FAIL node_modules/test262/test/built-ins/RegExp/prototype/Symbol.match/get-unicode-error.js (default, strict mode)
  Expected a Test262Error to be thrown but no exception was thrown at all

FAIL node_modules/test262/test/built-ins/RegExp/prototype/Symbol.match/get-flags-err.js (default, strict mode)
  Expected a CustomError but got a Test262Error

